mode: set
github.com/sigilauth/server/internal/apikey/apikey.go:44.24,48.2 1 1
github.com/sigilauth/server/internal/apikey/apikey.go:54.24,56.50 2 1
github.com/sigilauth/server/internal/apikey/apikey.go:56.50,57.63 1 0
github.com/sigilauth/server/internal/apikey/apikey.go:60.2,60.52 1 1
github.com/sigilauth/server/internal/apikey/apikey.go:64.42,67.2 2 1
github.com/sigilauth/server/internal/apikey/apikey.go:73.86,77.40 3 1
github.com/sigilauth/server/internal/apikey/apikey.go:77.40,79.3 1 1
github.com/sigilauth/server/internal/apikey/apikey.go:81.2,83.16 3 1
github.com/sigilauth/server/internal/apikey/apikey.go:83.16,85.3 1 0
github.com/sigilauth/server/internal/apikey/apikey.go:87.2,92.12 2 1
github.com/sigilauth/server/internal/apikey/apikey.go:100.84,105.33 4 1
github.com/sigilauth/server/internal/apikey/apikey.go:105.33,107.17 2 1
github.com/sigilauth/server/internal/apikey/apikey.go:107.17,109.4 1 1
github.com/sigilauth/server/internal/apikey/apikey.go:112.2,112.18 1 1
github.com/sigilauth/server/internal/apikey/apikey.go:119.68,123.41 3 1
github.com/sigilauth/server/internal/apikey/apikey.go:123.41,125.3 1 1
github.com/sigilauth/server/internal/apikey/apikey.go:127.2,128.12 2 1
github.com/sigilauth/server/internal/apikey/apikey.go:135.92,139.41 3 1
github.com/sigilauth/server/internal/apikey/apikey.go:139.41,141.3 1 0
github.com/sigilauth/server/internal/apikey/apikey.go:143.2,145.16 3 1
github.com/sigilauth/server/internal/apikey/apikey.go:145.16,147.3 1 0
github.com/sigilauth/server/internal/apikey/apikey.go:149.2,150.12 2 1
github.com/sigilauth/server/internal/apikey/apikey.go:156.53,161.29 4 1
github.com/sigilauth/server/internal/apikey/apikey.go:161.29,166.3 1 1
github.com/sigilauth/server/internal/apikey/apikey.go:168.2,168.13 1 1
github.com/sigilauth/server/internal/apikey/apikey.go:178.52,182.43 3 1
github.com/sigilauth/server/internal/apikey/apikey.go:182.43,183.64 1 1
github.com/sigilauth/server/internal/apikey/apikey.go:183.64,186.4 1 0
github.com/sigilauth/server/internal/apikey/apikey.go:189.2,189.14 1 1
github.com/sigilauth/server/internal/apikey/middleware.go:23.66,24.46 1 1
github.com/sigilauth/server/internal/apikey/middleware.go:24.46,25.72 1 1
github.com/sigilauth/server/internal/apikey/middleware.go:25.72,27.24 2 1
github.com/sigilauth/server/internal/apikey/middleware.go:27.24,30.5 2 1
github.com/sigilauth/server/internal/apikey/middleware.go:33.4,34.47 2 1
github.com/sigilauth/server/internal/apikey/middleware.go:34.47,37.5 2 1
github.com/sigilauth/server/internal/apikey/middleware.go:39.4,40.26 2 1
github.com/sigilauth/server/internal/apikey/middleware.go:40.26,43.5 2 1
github.com/sigilauth/server/internal/apikey/middleware.go:46.4,47.14 2 1
github.com/sigilauth/server/internal/apikey/middleware.go:47.14,50.5 2 1
github.com/sigilauth/server/internal/apikey/middleware.go:53.4,54.41 2 1
github.com/sigilauth/server/internal/apikey/middleware.go:62.54,64.9 2 1
github.com/sigilauth/server/internal/apikey/middleware.go:64.9,66.3 1 1
github.com/sigilauth/server/internal/apikey/middleware.go:67.2,67.14 1 1
github.com/sigilauth/server/internal/apikey/middleware.go:70.64,76.2 3 1
